// Jest Snapshot v1, https://goo.gl/fbAQLP

exports[`Test case for Student Register test for render snapShot 1`] = `null`;
